2026-05-17T20:08:36.145766 | [AUDIT] Key retrieval for Cap_cuu from enclave Enclave-SimulatedMRENCLAVE
2026-05-17T20:09:00.702661 | [AUDIT] Key retrieval for Cap_cuu from enclave Enclave-SimulatedMRENCLAVE
2026-05-17T20:09:01.208429 | [AUDIT] Key retrieval for Ngoai from enclave Enclave-SimulatedMRENCLAVE
2026-05-17T20:09:01.714256 | [AUDIT] Key retrieval for Nhi from enclave Enclave-SimulatedMRENCLAVE
2026-05-17T20:09:02.220112 | [AUDIT] Key retrieval for Noi from enclave Enclave-SimulatedMRENCLAVE
2026-05-17T20:09:02.725749 | [AUDIT] Key retrieval for Than_kinh from enclave Enclave-SimulatedMRENCLAVE
2026-05-17T20:09:03.231107 | [AUDIT] Key retrieval for Tim_mach from enclave Enclave-SimulatedMRENCLAVE
2026-05-17T20:11:28.733268 | [AUDIT] Key retrieval for Cap_cuu from enclave Vault-KeyDistributor
2026-05-17T20:11:33.743217 | [AUDIT] PRIVATE_KEY_LOADED | khoa=Cap_cuu | sender=Vault-KeyDistributor
2026-05-17T20:11:47.982526 | [AUDIT] Key retrieval for Cap_cuu from enclave Vault-KeyDistributor
2026-05-17T20:11:47.988304 | [AUDIT] PRIVATE_KEY_LOADED | khoa=Cap_cuu | sender=Vault-KeyDistributor
2026-05-17T20:12:01.805077 | [AUDIT] Key retrieval for Cap_cuu from enclave Vault-KeyDistributor
2026-05-17T20:12:01.810729 | [AUDIT] PRIVATE_KEY_LOADED | khoa=Cap_cuu | sender=Vault-KeyDistributor
2026-05-17T20:12:08.156002 | [AUDIT] Key retrieval for Cap_cuu from enclave Enclave-SimulatedMRENCLAVE
2026-05-17T20:30:52.540491 | [AUDIT] Key retrieval for Cap_cuu from enclave Enclave-SimulatedMRENCLAVE
2026-05-17T20:30:53.047007 | [AUDIT] Key retrieval for Ngoai from enclave Enclave-SimulatedMRENCLAVE
2026-05-17T20:30:53.553238 | [AUDIT] Key retrieval for Nhi from enclave Enclave-SimulatedMRENCLAVE
2026-05-17T20:30:54.058909 | [AUDIT] Key retrieval for Noi from enclave Enclave-SimulatedMRENCLAVE
2026-05-17T20:30:54.565909 | [AUDIT] Key retrieval for Than_kinh from enclave Enclave-SimulatedMRENCLAVE
2026-05-17T20:30:55.072128 | [AUDIT] Key retrieval for Tim_mach from enclave Enclave-SimulatedMRENCLAVE
2026-05-17T20:31:24.739929 | [AUDIT] Key retrieval for Cap_cuu from enclave Enclave-SimulatedMRENCLAVE
2026-05-17T20:35:33.827994 | [AUDIT] Key retrieval for Cap_cuu from enclave Enclave-SimulatedMRENCLAVE
2026-05-17T20:35:34.334456 | [AUDIT] Key retrieval for Ngoai from enclave Enclave-SimulatedMRENCLAVE
2026-05-17T20:35:34.841152 | [AUDIT] Key retrieval for Nhi from enclave Enclave-SimulatedMRENCLAVE
2026-05-17T20:35:35.347632 | [AUDIT] Key retrieval for Noi from enclave Enclave-SimulatedMRENCLAVE
2026-05-17T20:35:35.854202 | [AUDIT] Key retrieval for Than_kinh from enclave Enclave-SimulatedMRENCLAVE
2026-05-17T20:35:36.360200 | [AUDIT] Key retrieval for Tim_mach from enclave Enclave-SimulatedMRENCLAVE
2026-05-17T20:35:45.471323 | [AUDIT] Key retrieval for Cap_cuu from enclave Enclave-SimulatedMRENCLAVE
2026-05-18T08:43:14.302041 | [AUDIT] Key retrieval for Cap_cuu from enclave Enclave-SimulatedMRENCLAVE
2026-05-18T08:43:14.819061 | [AUDIT] Key retrieval for Ngoai from enclave Enclave-SimulatedMRENCLAVE
2026-05-18T08:43:15.325202 | [AUDIT] Key retrieval for Nhi from enclave Enclave-SimulatedMRENCLAVE
2026-05-18T08:43:15.831162 | [AUDIT] Key retrieval for Noi from enclave Enclave-SimulatedMRENCLAVE
2026-05-18T08:43:16.337096 | [AUDIT] Key retrieval for Than_kinh from enclave Enclave-SimulatedMRENCLAVE
2026-05-18T08:43:16.842520 | [AUDIT] Key retrieval for Tim_mach from enclave Enclave-SimulatedMRENCLAVE
2026-05-18T08:45:03.696045 | [AUDIT] Key retrieval for Cap_cuu from enclave Vault-KeyDistributor
2026-05-18T08:45:03.701902 | [AUDIT] PRIVATE_KEY_LOADED | khoa=Cap_cuu | sender=Vault-KeyDistributor
2026-05-18T08:57:59.729835 | [AUDIT] Key retrieval for Cap_cuu from enclave Vault-KeyDistributor
2026-05-18T08:57:59.735269 | [AUDIT] PRIVATE_KEY_LOADED | khoa=Cap_cuu | sender=Vault-KeyDistributor
2026-05-19T20:00:39.242654 | [AUDIT] Key retrieval for Cap_cuu from enclave Enclave-SimulatedMRENCLAVE
2026-05-19T20:01:01.523809 | [AUDIT] Key retrieval for Cap_cuu from enclave Enclave-SimulatedMRENCLAVE
2026-05-19T20:01:02.034227 | [AUDIT] Key retrieval for Ngoai from enclave Enclave-SimulatedMRENCLAVE
2026-05-19T20:01:02.544815 | [AUDIT] Key retrieval for Nhi from enclave Enclave-SimulatedMRENCLAVE
2026-05-19T20:01:03.055251 | [AUDIT] Key retrieval for Noi from enclave Enclave-SimulatedMRENCLAVE
2026-05-19T20:01:03.566122 | [AUDIT] Key retrieval for Than_kinh from enclave Enclave-SimulatedMRENCLAVE
2026-05-19T20:01:04.077921 | [AUDIT] Key retrieval for Tim_mach from enclave Enclave-SimulatedMRENCLAVE
2026-05-19T20:04:16.785142 | [AUDIT] Key retrieval for Cap_cuu from enclave Enclave-SimulatedMRENCLAVE
2026-05-19T20:04:48.310353 | [AUDIT] Key retrieval for Cap_cuu from enclave Enclave-SimulatedMRENCLAVE
2026-05-19T20:04:48.821215 | [AUDIT] Key retrieval for Ngoai from enclave Enclave-SimulatedMRENCLAVE
2026-05-19T20:04:49.332572 | [AUDIT] Key retrieval for Nhi from enclave Enclave-SimulatedMRENCLAVE
2026-05-19T20:04:49.844156 | [AUDIT] Key retrieval for Noi from enclave Enclave-SimulatedMRENCLAVE
2026-05-19T20:04:50.355382 | [AUDIT] Key retrieval for Than_kinh from enclave Enclave-SimulatedMRENCLAVE
2026-05-19T20:04:50.866484 | [AUDIT] Key retrieval for Tim_mach from enclave Enclave-SimulatedMRENCLAVE
